Soferi indisponibili



trent_park:0 
trent_park:0 
trent_park:0 
Destinatie inaccesibila
Destinatie inaccesibila
Soferi indisponibili
Soferi indisponibili
ethan_villa:8 luis_ayers:0 trent_park:0 walker_may:0 
ethan_villa:5.000 luis_ayers:0.000 trent_park:0.000 
ethan_villa:2 walker_may:1 
luis_ayers: Dorobanti 0.000 0 0 online
walker_may: Gara 2.000 1 6 online
ethan_villa: Orhideea 5.000 2 8 online
ethan_villa:2 walker_may:1 luis_ayers:0 trent_park:0 
walker_may: Gara 2.000 1 6 online
ethan_villa:5.000 
