Soferi indisponibili


walker_may:0 
walker_may:0 
Soferi indisponibili
walker_may:0 
walker_may:2.000 
walker_may:1 
walker_may:3 trent_park:0 
trent_park: Lujerului 3.200 5 14 online
walker_may: Lujerului 3.500 4 9 online
walker_may:3.500 trent_park:3.200 dash_webster:3.000 
trent_park:14 dash_webster:9 walker_may:9 
Destinatie inaccesibila
Destinatie inaccesibila
dash_webster:17 trent_park:14 walker_may:9 
dash_webster:3.600 walker_may:3.500 trent_park:3.200 
walker_may:3.500 
dash_webster:20 
walker_may:3.500 dash_webster:3.429 trent_park:3.200 
walker_may:3.500 dash_webster:3.429 trent_park:3.200 
walker_may:3.500 dash_webster:3.429 trent_park:3.200 
walker_may: Lujerului 3.500 4 9 online
