dash_webster:0.000 
dash_webster:3 
dash_webster:10 
max_smith: l 0.000 0 0 online
dash_webster:3 max_smith:0 
dash_webster:10 ethan_villa:0 luis_ayers:0 max_smith:0 
ethan_villa: o 0.000 0 0 online
dash_webster:3.500 max_smith:3.000 ethan_villa:0.000 
dash_webster:4 
trent_park: n 0.000 0 0 online
