louie_park:3.000 
louie_park:3 houston_moyer:1 conner_corona:0 decker_ortega:0 duncan_kerr:0 graysen_hardin:0 skylar_morrow:0 
louie_park:10 houston_moyer:3 conner_corona:0 decker_ortega:0 duncan_kerr:0 graysen_hardin:0 skylar_morrow:0 
decker_ortega:3 louie_park:3 houston_moyer:2 conner_corona:0 duncan_kerr:0 graysen_hardin:0 jared_humphrey:0 ronnie_reese:0 skylar_morrow:0 
decker_ortega:4 louie_park:3 houston_moyer:2 conner_corona:0 duncan_kerr:0 emiliano_dixon:0 graysen_hardin:0 
decker_ortega:13 louie_park:10 houston_moyer:6 conner_corona:0 duncan_kerr:0 emiliano_dixon:0 graysen_hardin:0 jared_humphrey:0 omari_walton:0 ronnie_reese:0 skylar_morrow:0 
decker_ortega:4 louie_park:3 houston_moyer:2 jared_humphrey:2 conner_corona:0 duncan_kerr:0 
decker_ortega:13 louie_park:10 houston_moyer:6 jared_humphrey:5 conner_corona:0 duncan_kerr:0 emiliano_dixon:0 graysen_hardin:0 kylan_singh:0 omari_walton:0 ronnie_reese:0 
decker_ortega:23 louie_park:12 houston_moyer:6 jared_humphrey:5 benson_marks:0 
omari_walton: w 0.000 0 0 online
decker_ortega:23 louie_park:12 jared_humphrey:10 houston_moyer:6 benson_marks:3 conner_corona:0 duncan_kerr:0 emiliano_dixon:0 ethan_villa:0 graysen_hardin:0 kylan_singh:0 omari_walton:0 ricardo_hill:0 ronnie_reese:0 skylar_morrow:0 
decker_ortega:23 
decker_ortega:23 jared_humphrey:13 louie_park:12 houston_moyer:6 benson_marks:3 conner_corona:0 duncan_kerr:0 emiliano_dixon:0 ethan_villa:0 graysen_hardin:0 kylan_singh:0 max_smith:0 omari_walton:0 ricardo_hill:0 ronnie_reese:0 skylar_morrow:0 
decker_ortega:7 jared_humphrey:5 louie_park:4 houston_moyer:2 benson_marks:1 ethan_villa:1 conner_corona:0 duncan_kerr:0 emiliano_dixon:0 graysen_hardin:0 kylan_singh:0 max_smith:0 omari_walton:0 ricardo_hill:0 ronnie_reese:0 skylar_morrow:0 
decker_ortega:7 jared_humphrey:5 louie_park:4 
decker_ortega:7 jared_humphrey:5 louie_park:4 houston_moyer:2 benson_marks:1 ethan_villa:1 conner_corona:0 dash_webster:0 duncan_kerr:0 emiliano_dixon:0 graysen_hardin:0 kylan_singh:0 max_smith:0 omari_walton:0 ricardo_hill:0 ronnie_reese:0 skylar_morrow:0 trent_park:0 
decker_ortega:7 
dash_webster:4.667 decker_ortega:3.857 emiliano_dixon:3.000 jared_humphrey:3.000 louie_park:2.750 benson_marks:2.000 ethan_villa:2.000 houston_moyer:1.500 conner_corona:0.000 duncan_kerr:0.000 graysen_hardin:0.000 kylan_singh:0.000 max_smith:0.000 omari_walton:0.000 ricardo_hill:0.000 ronnie_reese:0.000 skylar_morrow:0.000 trent_park:0.000 
ronnie_reese: uzz 0.000 0 0 online
decker_ortega:23 dash_webster:17 jared_humphrey:16 emiliano_dixon:14 louie_park:12 conner_corona:6 ethan_villa:6 houston_moyer:6 benson_marks:3 graysen_hardin:3 duncan_kerr:0 hayes_haynes:0 jaden_barnes:0 
decker_ortega:23 dash_webster:17 jared_humphrey:16 emiliano_dixon:14 louie_park:12 conner_corona:6 ethan_villa:6 
decker_ortega:7 dash_webster:6 
decker_ortega:23 dash_webster:17 jared_humphrey:16 
decker_ortega:7 emiliano_dixon:7 dash_webster:6 jared_humphrey:6 louie_park:4 conner_corona:2 ethan_villa:2 houston_moyer:2 benson_marks:1 graysen_hardin:1 duncan_kerr:0 
graysen_hardin:4.000 decker_ortega:3.857 dash_webster:3.833 conner_corona:3.500 emiliano_dixon:3.125 jared_humphrey:3.000 louie_park:2.750 benson_marks:2.000 ethan_villa:2.000 jaden_barnes:2.000 houston_moyer:1.500 duncan_kerr:0.000 hayes_haynes:0.000 kenny_moyer:0.000 kylan_singh:0.000 max_smith:0.000 omari_walton:0.000 ricardo_hill:0.000 ronnie_reese:0.000 skylar_morrow:0.000 trent_park:0.000 
emiliano_dixon:8 decker_ortega:7 jared_humphrey:7 dash_webster:6 louie_park:4 conner_corona:2 ethan_villa:2 houston_moyer:2 benson_marks:1 graysen_hardin:1 jaden_barnes:1 duncan_kerr:0 hayes_haynes:0 kenny_moyer:0 kylan_singh:0 max_smith:0 omari_walton:0 ricardo_hill:0 ronnie_reese:0 
decker_ortega:23 emiliano_dixon:23 jared_humphrey:19 dash_webster:17 
emiliano_dixon:8 decker_ortega:7 jared_humphrey:7 dash_webster:6 louie_park:4 houston_moyer:3 conner_corona:2 ethan_villa:2 benson_marks:1 graysen_hardin:1 
emiliano_dixon:8 decker_ortega:7 jared_humphrey:7 dash_webster:6 louie_park:4 houston_moyer:3 conner_corona:2 ethan_villa:2 benson_marks:1 graysen_hardin:1 jaden_barnes:1 alfonso_huffman:0 duncan_kerr:0 hayes_haynes:0 kenny_moyer:0 kylan_singh:0 max_smith:0 omari_walton:0 ricardo_hill:0 ronnie_reese:0 skylar_morrow:0 trent_park:0 
graysen_hardin:4.000 decker_ortega:3.857 dash_webster:3.833 conner_corona:3.500 emiliano_dixon:3.333 jared_humphrey:3.000 louie_park:2.750 houston_moyer:2.667 benson_marks:2.000 ethan_villa:2.000 jaden_barnes:2.000 alfonso_huffman:0.000 duncan_kerr:0.000 hayes_haynes:0.000 kenny_moyer:0.000 kylan_singh:0.000 max_smith:0.000 omari_walton:0.000 ricardo_hill:0.000 
houston_moyer: nzz 3.250 4 11 online
emiliano_dixon:26 decker_ortega:23 jared_humphrey:19 dash_webster:17 louie_park:15 houston_moyer:11 conner_corona:6 ethan_villa:6 benson_marks:3 graysen_hardin:3 jaden_barnes:3 alfonso_huffman:0 duncan_kerr:0 
louie_park: izz 2.400 5 15 online
emiliano_dixon:9 dash_webster:7 decker_ortega:7 jared_humphrey:7 houston_moyer:6 louie_park:5 conner_corona:2 ethan_villa:2 graysen_hardin:2 benson_marks:1 jaden_barnes:1 alfonso_huffman:0 dariel_matthews:0 duncan_kerr:0 hayes_haynes:0 keagan_goodwin:0 kenny_moyer:0 kylan_singh:0 max_smith:0 omari_walton:0 ricardo_hill:0 ronnie_reese:0 skylar_morrow:0 
emiliano_dixon:26 decker_ortega:23 dash_webster:20 jared_humphrey:19 
decker_ortega:3.857 conner_corona:3.500 dash_webster:3.429 emiliano_dixon:3.333 jared_humphrey:3.000 houston_moyer:2.714 graysen_hardin:2.667 louie_park:2.400 benson_marks:2.000 ethan_villa:2.000 jaden_barnes:2.000 omari_walton:1.000 alfonso_huffman:0.000 dariel_matthews:0.000 duncan_kerr:0.000 hayes_haynes:0.000 keagan_goodwin:0.000 kenny_moyer:0.000 kylan_singh:0.000 max_smith:0.000 ricardo_hill:0.000 ronnie_reese:0.000 skylar_morrow:0.000 trent_park:0.000 
trent_park: asz 0.000 0 0 online
ricardo_hill: aam 0.000 0 0 online
emiliano_dixon:9 dash_webster:8 decker_ortega:7 houston_moyer:7 jared_humphrey:7 louie_park:5 graysen_hardin:3 conner_corona:2 ethan_villa:2 benson_marks:1 jaden_barnes:1 omari_walton:1 trent_park:1 alfonso_huffman:0 dariel_matthews:0 duncan_kerr:0 hayes_eaton:0 hayes_haynes:0 keagan_goodwin:0 kenny_moyer:0 kylan_singh:0 max_smith:0 ricardo_hill:0 ronnie_reese:0 skylar_morrow:0 
dash_webster:9 emiliano_dixon:9 decker_ortega:7 houston_moyer:7 jared_humphrey:7 louie_park:6 graysen_hardin:3 conner_corona:2 ethan_villa:2 benson_marks:1 hayes_haynes:1 jaden_barnes:1 omari_walton:1 trent_park:1 
dash_webster:9 emiliano_dixon:9 decker_ortega:7 houston_moyer:7 jared_humphrey:7 louie_park:6 graysen_hardin:3 conner_corona:2 ethan_villa:2 hayes_haynes:2 benson_marks:1 jaden_barnes:1 omari_walton:1 
emiliano_dixon:29 dash_webster:26 decker_ortega:23 houston_moyer:21 jared_humphrey:19 louie_park:18 graysen_hardin:9 conner_corona:6 ethan_villa:6 hayes_haynes:6 trent_park:6 benson_marks:3 jaden_barnes:3 omari_walton:2 alfonso_huffman:0 
decker_ortega:3.857 dash_webster:3.667 conner_corona:3.500 emiliano_dixon:3.500 hayes_haynes:3.500 trent_park:3.500 houston_moyer:2.889 jared_humphrey:2.750 graysen_hardin:2.667 louie_park:2.500 benson_marks:2.000 ethan_villa:2.000 jaden_barnes:2.000 omari_walton:1.000 alfonso_huffman:0.000 dariel_matthews:0.000 
emiliano_dixon:29 dash_webster:26 houston_moyer:24 decker_ortega:23 jared_humphrey:22 louie_park:18 graysen_hardin:9 conner_corona:6 ethan_villa:6 hayes_haynes:6 trent_park:6 benson_marks:3 jaden_barnes:3 omari_walton:2 alfonso_huffman:0 dariel_matthews:0 duncan_kerr:0 hayes_eaton:0 keagan_goodwin:0 kenny_moyer:0 kylan_singh:0 max_smith:0 ricardo_hill:0 
emiliano_dixon:11 dash_webster:9 houston_moyer:9 jared_humphrey:8 
emiliano_dixon:11 houston_moyer:10 dash_webster:9 jared_humphrey:8 decker_ortega:7 louie_park:6 graysen_hardin:3 hayes_haynes:3 conner_corona:2 ethan_villa:2 skylar_morrow:2 trent_park:2 benson_marks:1 jaden_barnes:1 omari_walton:1 alfonso_huffman:0 dariel_matthews:0 duncan_kerr:0 hayes_eaton:0 keagan_goodwin:0 kenny_moyer:0 kylan_singh:0 max_smith:0 
emiliano_dixon:32 houston_moyer:27 dash_webster:26 decker_ortega:23 jared_humphrey:22 louie_park:18 graysen_hardin:9 hayes_haynes:9 conner_corona:6 ethan_villa:6 trent_park:6 skylar_morrow:5 benson_marks:3 jaden_barnes:3 omari_walton:2 alfonso_huffman:0 dariel_matthews:0 duncan_kerr:0 hayes_eaton:0 keagan_goodwin:0 kenny_moyer:0 kylan_singh:0 max_smith:0 ricardo_hill:0 ronnie_reese:0 
emiliano_dixon:11 houston_moyer:10 dash_webster:9 jared_humphrey:8 decker_ortega:7 louie_park:7 graysen_hardin:4 hayes_haynes:3 conner_corona:2 ethan_villa:2 skylar_morrow:2 trent_park:2 benson_marks:1 jaden_barnes:1 omari_walton:1 alfonso_huffman:0 
emiliano_dixon:32 dash_webster:31 houston_moyer:27 decker_ortega:23 jared_humphrey:22 louie_park:20 graysen_hardin:12 hayes_haynes:9 conner_corona:6 ethan_villa:6 trent_park:6 skylar_morrow:5 benson_marks:3 jaden_barnes:3 omari_walton:2 alfonso_huffman:0 dariel_matthews:0 duncan_kerr:0 hayes_eaton:0 keagan_goodwin:0 kenny_moyer:0 
skylar_morrow:4.500 decker_ortega:3.857 dash_webster:3.727 emiliano_dixon:3.636 conner_corona:3.500 trent_park:3.500 hayes_haynes:3.333 graysen_hardin:3.000 houston_moyer:2.900 jared_humphrey:2.750 louie_park:2.571 benson_marks:2.000 ethan_villa:2.000 jaden_barnes:2.000 omari_walton:1.000 alfonso_huffman:0.000 dariel_matthews:0.000 duncan_kerr:0.000 hayes_eaton:0.000 keagan_goodwin:0.000 kenny_moyer:0.000 kylan_singh:0.000 max_smith:0.000 ricardo_hill:0.000 ronnie_reese:0.000 
dash_webster:12 emiliano_dixon:11 houston_moyer:10 jared_humphrey:9 decker_ortega:7 louie_park:7 graysen_hardin:4 hayes_haynes:3 conner_corona:2 ethan_villa:2 skylar_morrow:2 trent_park:2 benson_marks:1 jaden_barnes:1 omari_walton:1 alfonso_huffman:0 dariel_matthews:0 duncan_kerr:0 hayes_eaton:0 keagan_goodwin:0 kenny_moyer:0 kylan_singh:0 max_smith:0 ricardo_hill:0 
skylar_morrow:4.500 decker_ortega:3.857 dash_webster:3.833 emiliano_dixon:3.636 conner_corona:3.500 trent_park:3.500 hayes_haynes:3.333 graysen_hardin:3.000 houston_moyer:3.000 
skylar_morrow:4.500 decker_ortega:3.857 dash_webster:3.833 
dash_webster:12 emiliano_dixon:11 houston_moyer:11 jared_humphrey:9 louie_park:9 decker_ortega:7 graysen_hardin:4 hayes_haynes:3 skylar_morrow:3 conner_corona:2 ethan_villa:2 trent_park:2 benson_marks:1 jaden_barnes:1 omari_walton:1 alfonso_huffman:0 dariel_matthews:0 duncan_kerr:0 hayes_eaton:0 keagan_goodwin:0 kenny_moyer:0 kylan_singh:0 max_smith:0 
dash_webster:3.923 decker_ortega:3.857 emiliano_dixon:3.636 conner_corona:3.500 hayes_haynes:3.333 skylar_morrow:3.333 graysen_hardin:3.000 houston_moyer:3.000 trent_park:3.000 jared_humphrey:2.556 louie_park:2.444 
dash_webster:36 emiliano_dixon:32 houston_moyer:29 louie_park:25 decker_ortega:23 jared_humphrey:23 graysen_hardin:12 hayes_haynes:9 trent_park:9 skylar_morrow:8 conner_corona:6 ethan_villa:6 benson_marks:3 jaden_barnes:3 omari_walton:2 alfonso_huffman:0 dariel_matthews:0 duncan_kerr:0 hayes_eaton:0 keagan_goodwin:0 kenny_moyer:0 kylan_singh:0 max_smith:0 ricardo_hill:0 ronnie_reese:0 
dash_webster:13 emiliano_dixon:11 houston_moyer:11 jared_humphrey:9 louie_park:9 decker_ortega:7 graysen_hardin:4 hayes_haynes:3 skylar_morrow:3 trent_park:3 conner_corona:2 ethan_villa:2 benson_marks:1 jaden_barnes:1 omari_walton:1 alfonso_huffman:0 dariel_matthews:0 duncan_kerr:0 hayes_eaton:0 keagan_goodwin:0 kenny_moyer:0 kylan_singh:0 max_smith:0 ricardo_hill:0 ronnie_reese:0 
dash_webster:44 emiliano_dixon:32 houston_moyer:29 louie_park:25 decker_ortega:23 jared_humphrey:23 graysen_hardin:12 hayes_haynes:12 trent_park:9 skylar_morrow:8 conner_corona:6 ethan_villa:6 benson_marks:3 hayes_eaton:3 jaden_barnes:3 omari_walton:2 alfonso_huffman:0 dariel_matthews:0 duncan_kerr:0 keagan_goodwin:0 kenny_moyer:0 kylan_singh:0 max_smith:0 ricardo_hill:0 
dash_webster:16 emiliano_dixon:11 houston_moyer:11 jared_humphrey:9 louie_park:9 decker_ortega:7 graysen_hardin:4 hayes_haynes:4 skylar_morrow:3 trent_park:3 conner_corona:2 ethan_villa:2 benson_marks:1 hayes_eaton:1 jaden_barnes:1 omari_walton:1 alfonso_huffman:0 dariel_matthews:0 duncan_kerr:0 keagan_goodwin:0 kenny_moyer:0 kylan_singh:0 max_smith:0 ricardo_hill:0 ronnie_reese:0 
dash_webster:17 emiliano_dixon:11 houston_moyer:11 jared_humphrey:9 louie_park:9 decker_ortega:7 graysen_hardin:4 hayes_haynes:4 skylar_morrow:3 trent_park:3 conner_corona:2 ethan_villa:2 benson_marks:1 hayes_eaton:1 jaden_barnes:1 
decker_ortega:3.857 dash_webster:3.765 emiliano_dixon:3.636 conner_corona:3.500 skylar_morrow:3.333 graysen_hardin:3.000 houston_moyer:3.000 
dash_webster:17 emiliano_dixon:11 houston_moyer:11 jared_humphrey:9 louie_park:9 decker_ortega:7 graysen_hardin:4 hayes_haynes:4 skylar_morrow:3 trent_park:3 conner_corona:2 
dariel_matthews: gz 0.000 0 0 online
dash_webster:18 emiliano_dixon:11 houston_moyer:11 louie_park:10 jared_humphrey:9 decker_ortega:7 graysen_hardin:4 hayes_haynes:4 skylar_morrow:3 trent_park:3 conner_corona:2 ethan_villa:2 benson_marks:1 hayes_eaton:1 jaden_barnes:1 omari_walton:1 alfonso_huffman:0 dariel_matthews:0 duncan_kerr:0 keagan_goodwin:0 kenny_moyer:0 kylan_singh:0 max_smith:0 ricardo_hill:0 
dash_webster:18 emiliano_dixon:11 houston_moyer:11 louie_park:10 jared_humphrey:9 decker_ortega:7 
skylar_morrow: aez 3.333 3 8 online
decker_ortega:3.857 dash_webster:3.722 emiliano_dixon:3.636 conner_corona:3.500 skylar_morrow:3.333 graysen_hardin:3.000 
dash_webster:54 emiliano_dixon:32 houston_moyer:29 
dash_webster:20 emiliano_dixon:11 houston_moyer:11 louie_park:10 jared_humphrey:9 decker_ortega:7 graysen_hardin:4 hayes_haynes:4 trent_park:4 skylar_morrow:3 conner_corona:2 ethan_villa:2 benson_marks:1 hayes_eaton:1 jaden_barnes:1 omari_walton:1 alfonso_huffman:0 dariel_matthews:0 duncan_kerr:0 keagan_goodwin:0 kenny_moyer:0 kylan_singh:0 max_smith:0 ricardo_hill:0 ronnie_reese:0 
dash_webster:21 emiliano_dixon:11 houston_moyer:11 louie_park:10 jared_humphrey:9 decker_ortega:7 graysen_hardin:4 hayes_haynes:4 trent_park:4 skylar_morrow:3 conner_corona:2 ethan_villa:2 benson_marks:1 hayes_eaton:1 jaden_barnes:1 omari_walton:1 alfonso_huffman:0 dariel_matthews:0 duncan_kerr:0 keagan_goodwin:0 kenny_moyer:0 kylan_singh:0 max_smith:0 ricardo_hill:0 ronnie_reese:0 
dash_webster:61 emiliano_dixon:32 houston_moyer:29 louie_park:28 decker_ortega:23 jared_humphrey:23 graysen_hardin:12 hayes_haynes:12 trent_park:12 skylar_morrow:8 conner_corona:6 
dash_webster:21 emiliano_dixon:11 houston_moyer:11 louie_park:10 jared_humphrey:9 decker_ortega:7 graysen_hardin:4 hayes_haynes:4 trent_park:4 skylar_morrow:3 conner_corona:2 ethan_villa:2 omari_walton:2 benson_marks:1 hayes_eaton:1 jaden_barnes:1 alfonso_huffman:0 dariel_matthews:0 duncan_kerr:0 
dash_webster:22 emiliano_dixon:11 houston_moyer:11 louie_park:10 jared_humphrey:9 decker_ortega:7 graysen_hardin:4 hayes_haynes:4 trent_park:4 skylar_morrow:3 conner_corona:2 ethan_villa:2 omari_walton:2 benson_marks:1 hayes_eaton:1 jaden_barnes:1 alfonso_huffman:0 dariel_matthews:0 
kylan_singh: aez 0.000 0 0 online
dash_webster:22 emiliano_dixon:11 
decker_ortega:3.857 emiliano_dixon:3.636 conner_corona:3.500 dash_webster:3.333 skylar_morrow:3.333 graysen_hardin:3.200 houston_moyer:3.000 hayes_haynes:2.750 jared_humphrey:2.556 trent_park:2.500 louie_park:2.364 alfonso_huffman:2.000 benson_marks:2.000 ethan_villa:2.000 hayes_eaton:2.000 jaden_barnes:2.000 omari_walton:1.000 
decker_ortega:3.857 emiliano_dixon:3.636 conner_corona:3.500 dash_webster:3.333 skylar_morrow:3.333 graysen_hardin:3.200 houston_moyer:3.000 hayes_haynes:2.750 jared_humphrey:2.556 trent_park:2.500 louie_park:2.364 alfonso_huffman:2.000 benson_marks:2.000 
dash_webster:24 houston_moyer:12 emiliano_dixon:11 louie_park:11 jared_humphrey:9 decker_ortega:7 graysen_hardin:5 hayes_haynes:4 
dash_webster:70 emiliano_dixon:32 houston_moyer:32 louie_park:30 decker_ortega:23 jared_humphrey:23 graysen_hardin:15 hayes_haynes:12 trent_park:12 skylar_morrow:8 conner_corona:6 ethan_villa:6 omari_walton:5 
decker_ortega:3.857 emiliano_dixon:3.636 conner_corona:3.500 dash_webster:3.333 skylar_morrow:3.333 graysen_hardin:3.200 houston_moyer:3.083 hayes_haynes:2.750 trent_park:2.500 jared_humphrey:2.400 louie_park:2.364 alfonso_huffman:2.000 benson_marks:2.000 ethan_villa:2.000 hayes_eaton:2.000 jaden_barnes:2.000 omari_walton:1.000 dariel_matthews:0.000 duncan_kerr:0.000 keagan_goodwin:0.000 
dash_webster:24 houston_moyer:13 emiliano_dixon:12 louie_park:11 jared_humphrey:10 decker_ortega:7 graysen_hardin:5 hayes_haynes:4 trent_park:4 skylar_morrow:3 conner_corona:2 ethan_villa:2 omari_walton:2 alfonso_huffman:1 benson_marks:1 hayes_eaton:1 jaden_barnes:1 dariel_matthews:0 duncan_kerr:0 keagan_goodwin:0 kenny_moyer:0 
emiliano_dixon: ac 3.667 12 34 online
dash_webster:73 houston_moyer:35 emiliano_dixon:34 louie_park:30 jared_humphrey:26 decker_ortega:23 graysen_hardin:18 hayes_haynes:12 trent_park:12 skylar_morrow:8 conner_corona:6 ethan_villa:6 omari_walton:5 alfonso_huffman:3 benson_marks:3 hayes_eaton:3 jaden_barnes:3 keagan_goodwin:3 ronnie_reese:2 dariel_matthews:0 duncan_kerr:0 kenny_moyer:0 kylan_singh:0 max_smith:0 ricardo_hill:0 
dash_webster:73 houston_moyer:35 emiliano_dixon:34 louie_park:30 jared_humphrey:26 decker_ortega:23 graysen_hardin:18 hayes_haynes:12 trent_park:12 skylar_morrow:8 conner_corona:6 ethan_villa:6 omari_walton:5 alfonso_huffman:3 benson_marks:3 hayes_eaton:3 jaden_barnes:3 
dash_webster:25 houston_moyer:13 emiliano_dixon:12 louie_park:11 jared_humphrey:10 decker_ortega:7 
dash_webster:25 
dash_webster:25 houston_moyer:13 emiliano_dixon:12 louie_park:11 jared_humphrey:10 decker_ortega:7 graysen_hardin:6 hayes_haynes:4 trent_park:4 skylar_morrow:3 conner_corona:2 ethan_villa:2 omari_walton:2 alfonso_huffman:1 benson_marks:1 hayes_eaton:1 jaden_barnes:1 keagan_goodwin:1 ronnie_reese:1 dariel_matthews:0 duncan_kerr:0 kenny_moyer:0 kylan_singh:0 max_smith:0 ricardo_hill:0 
decker_ortega:3.857 emiliano_dixon:3.667 conner_corona:3.500 graysen_hardin:3.333 skylar_morrow:3.333 dash_webster:3.280 houston_moyer:3.077 keagan_goodwin:3.000 ronnie_reese:3.000 hayes_haynes:2.750 trent_park:2.500 jared_humphrey:2.400 louie_park:2.364 alfonso_huffman:2.000 
graysen_hardin: z 3.333 6 18 online
dash_webster:26 houston_moyer:14 emiliano_dixon:12 louie_park:11 jared_humphrey:10 decker_ortega:7 graysen_hardin:6 hayes_haynes:4 trent_park:4 skylar_morrow:3 conner_corona:2 ethan_villa:2 omari_walton:2 alfonso_huffman:1 benson_marks:1 hayes_eaton:1 
emiliano_dixon: ac 3.667 12 34 online
dash_webster:26 houston_moyer:14 emiliano_dixon:12 louie_park:11 jared_humphrey:10 decker_ortega:7 graysen_hardin:6 hayes_haynes:4 trent_park:4 skylar_morrow:3 conner_corona:2 ethan_villa:2 omari_walton:2 alfonso_huffman:1 benson_marks:1 hayes_eaton:1 jaden_barnes:1 keagan_goodwin:1 ronnie_reese:1 dariel_matthews:0 duncan_kerr:0 kenny_moyer:0 kylan_singh:0 
dash_webster:76 houston_moyer:38 emiliano_dixon:34 louie_park:30 jared_humphrey:26 decker_ortega:23 graysen_hardin:18 hayes_haynes:12 trent_park:12 skylar_morrow:8 conner_corona:6 ethan_villa:6 omari_walton:5 alfonso_huffman:3 benson_marks:3 hayes_eaton:3 jaden_barnes:3 keagan_goodwin:3 ronnie_reese:2 dariel_matthews:0 duncan_kerr:0 kenny_moyer:0 kylan_singh:0 max_smith:0 
decker_ortega:3.857 emiliano_dixon:3.667 conner_corona:3.500 graysen_hardin:3.333 skylar_morrow:3.333 dash_webster:3.308 houston_moyer:3.143 keagan_goodwin:3.000 ronnie_reese:3.000 hayes_haynes:2.750 trent_park:2.500 jared_humphrey:2.400 louie_park:2.364 alfonso_huffman:2.000 benson_marks:2.000 ethan_villa:2.000 hayes_eaton:2.000 jaden_barnes:2.000 omari_walton:1.000 dariel_matthews:0.000 duncan_kerr:0.000 kenny_moyer:0.000 kylan_singh:0.000 max_smith:0.000 ricardo_hill:0.000 
dash_webster:76 
dash_webster:76 houston_moyer:38 emiliano_dixon:34 louie_park:30 jared_humphrey:26 decker_ortega:23 graysen_hardin:18 hayes_haynes:12 
decker_ortega:3.857 emiliano_dixon:3.667 conner_corona:3.500 graysen_hardin:3.333 skylar_morrow:3.333 
decker_ortega:3.857 emiliano_dixon:3.667 conner_corona:3.500 graysen_hardin:3.333 skylar_morrow:3.333 dash_webster:3.308 houston_moyer:3.143 keagan_goodwin:3.000 ronnie_reese:3.000 hayes_haynes:2.750 trent_park:2.500 jared_humphrey:2.400 
decker_ortega:3.857 emiliano_dixon:3.667 conner_corona:3.500 
dash_webster:76 houston_moyer:38 
alfonso_huffman: aaz 2.000 1 3 online
dash_webster:26 houston_moyer:14 emiliano_dixon:13 louie_park:11 jared_humphrey:10 decker_ortega:7 graysen_hardin:7 trent_park:5 hayes_haynes:4 skylar_morrow:3 conner_corona:2 ethan_villa:2 keagan_goodwin:2 omari_walton:2 alfonso_huffman:1 benson_marks:1 hayes_eaton:1 jaden_barnes:1 
keagan_goodwin:4.000 decker_ortega:3.857 emiliano_dixon:3.786 conner_corona:3.500 skylar_morrow:3.333 dash_webster:3.308 houston_moyer:3.143 
keagan_goodwin:4.000 decker_ortega:3.857 emiliano_dixon:3.786 conner_corona:3.500 skylar_morrow:3.333 dash_webster:3.308 houston_moyer:3.143 graysen_hardin:3.000 trent_park:2.800 hayes_haynes:2.600 ronnie_reese:2.500 jared_humphrey:2.400 louie_park:2.364 alfonso_huffman:2.000 benson_marks:2.000 ethan_villa:2.000 hayes_eaton:2.000 jaden_barnes:2.000 omari_walton:1.000 dariel_matthews:0.000 duncan_kerr:0.000 kenny_moyer:0.000 kylan_singh:0.000 max_smith:0.000 ricardo_hill:0.000 
dash_webster:26 emiliano_dixon:14 houston_moyer:14 louie_park:11 jared_humphrey:10 decker_ortega:7 graysen_hardin:7 hayes_haynes:5 trent_park:5 keagan_goodwin:3 skylar_morrow:3 conner_corona:2 ethan_villa:2 omari_walton:2 ronnie_reese:2 alfonso_huffman:1 
decker_ortega:3.857 emiliano_dixon:3.786 conner_corona:3.500 keagan_goodwin:3.500 skylar_morrow:3.333 dash_webster:3.308 houston_moyer:3.143 graysen_hardin:3.000 trent_park:2.800 
dash_webster:26 emiliano_dixon:14 houston_moyer:14 louie_park:11 jared_humphrey:10 decker_ortega:7 graysen_hardin:7 hayes_haynes:5 trent_park:5 keagan_goodwin:4 skylar_morrow:3 conner_corona:2 ethan_villa:2 omari_walton:2 ronnie_reese:2 alfonso_huffman:1 benson_marks:1 hayes_eaton:1 jaden_barnes:1 dariel_matthews:0 duncan_kerr:0 kenny_moyer:0 kylan_singh:0 max_smith:0 ricardo_hill:0 
decker_ortega:3.857 emiliano_dixon:3.786 conner_corona:3.500 keagan_goodwin:3.500 skylar_morrow:3.333 dash_webster:3.259 houston_moyer:3.143 graysen_hardin:3.000 trent_park:2.800 hayes_haynes:2.600 ronnie_reese:2.500 jared_humphrey:2.400 louie_park:2.364 alfonso_huffman:2.000 
decker_ortega:3.857 emiliano_dixon:3.786 conner_corona:3.500 skylar_morrow:3.500 keagan_goodwin:3.400 dash_webster:3.259 houston_moyer:3.143 graysen_hardin:3.000 ronnie_reese:3.000 trent_park:2.800 hayes_haynes:2.600 jared_humphrey:2.400 louie_park:2.364 alfonso_huffman:2.000 benson_marks:2.000 ethan_villa:2.000 hayes_eaton:2.000 jaden_barnes:2.000 omari_walton:1.000 dariel_matthews:0.000 duncan_kerr:0.000 kenny_moyer:0.000 kylan_singh:0.000 
dash_webster:27 emiliano_dixon:14 houston_moyer:14 louie_park:11 jared_humphrey:10 decker_ortega:7 graysen_hardin:7 hayes_haynes:5 keagan_goodwin:5 trent_park:5 skylar_morrow:4 ronnie_reese:3 conner_corona:2 ethan_villa:2 omari_walton:2 alfonso_huffman:1 benson_marks:1 hayes_eaton:1 jaden_barnes:1 dariel_matthews:0 duncan_kerr:0 kenny_moyer:0 kylan_singh:0 max_smith:0 ricardo_hill:0 
dash_webster:27 
dash_webster:78 emiliano_dixon:40 houston_moyer:38 louie_park:32 jared_humphrey:28 decker_ortega:23 graysen_hardin:21 hayes_haynes:18 trent_park:15 keagan_goodwin:14 skylar_morrow:10 ronnie_reese:8 conner_corona:6 ethan_villa:6 jaden_barnes:6 omari_walton:5 alfonso_huffman:3 benson_marks:3 
dash_webster:78 emiliano_dixon:40 houston_moyer:38 louie_park:32 jared_humphrey:28 decker_ortega:23 graysen_hardin:21 hayes_haynes:18 trent_park:15 keagan_goodwin:14 skylar_morrow:10 ronnie_reese:8 conner_corona:6 ethan_villa:6 jaden_barnes:6 omari_walton:5 alfonso_huffman:3 benson_marks:3 hayes_eaton:3 dariel_matthews:0 duncan_kerr:0 kenny_moyer:0 kylan_singh:0 max_smith:0 ricardo_hill:0 
dash_webster:84 emiliano_dixon:40 houston_moyer:38 louie_park:32 jared_humphrey:28 decker_ortega:23 graysen_hardin:21 keagan_goodwin:19 hayes_haynes:18 trent_park:15 skylar_morrow:12 
dariel_matthews: aah 4.500 2 6 online
dash_webster:84 emiliano_dixon:40 houston_moyer:38 louie_park:32 jared_humphrey:28 decker_ortega:23 graysen_hardin:21 keagan_goodwin:19 hayes_haynes:18 trent_park:15 skylar_morrow:12 dariel_matthews:9 alfonso_huffman:8 ronnie_reese:8 conner_corona:6 ethan_villa:6 jaden_barnes:6 omari_walton:5 benson_marks:3 hayes_eaton:3 
dash_webster:84 emiliano_dixon:40 houston_moyer:38 louie_park:32 jared_humphrey:28 decker_ortega:23 graysen_hardin:21 keagan_goodwin:19 hayes_haynes:18 trent_park:15 skylar_morrow:12 dariel_matthews:9 alfonso_huffman:8 ronnie_reese:8 conner_corona:6 ethan_villa:6 jaden_barnes:6 omari_walton:5 benson_marks:3 hayes_eaton:3 duncan_kerr:0 kenny_moyer:0 kylan_singh:0 max_smith:0 ricardo_hill:0 
hayes_haynes: vzz 2.500 6 18 online
dash_webster:29 
dash_webster:29 emiliano_dixon:14 houston_moyer:14 louie_park:12 jared_humphrey:11 decker_ortega:7 graysen_hardin:7 keagan_goodwin:7 hayes_haynes:6 skylar_morrow:5 trent_park:5 alfonso_huffman:4 dariel_matthews:4 ronnie_reese:3 conner_corona:2 
graysen_hardin: aag 3.000 7 21 online
dash_webster:84 emiliano_dixon:40 houston_moyer:38 louie_park:32 jared_humphrey:28 decker_ortega:23 graysen_hardin:21 keagan_goodwin:19 hayes_haynes:18 dariel_matthews:15 trent_park:15 alfonso_huffman:13 skylar_morrow:12 ronnie_reese:8 conner_corona:6 ethan_villa:6 jaden_barnes:6 omari_walton:5 benson_marks:3 hayes_eaton:3 duncan_kerr:0 kenny_moyer:0 
ronnie_reese: mzz 3.000 4 11 online
decker_ortega:3.857 emiliano_dixon:3.786 alfonso_huffman:3.714 conner_corona:3.500 keagan_goodwin:3.286 dash_webster:3.276 houston_moyer:3.143 dariel_matthews:3.000 graysen_hardin:3.000 ronnie_reese:3.000 skylar_morrow:3.000 trent_park:2.800 jared_humphrey:2.583 hayes_haynes:2.500 
decker_ortega:3.857 emiliano_dixon:3.786 alfonso_huffman:3.714 conner_corona:3.500 keagan_goodwin:3.286 dash_webster:3.276 houston_moyer:3.143 dariel_matthews:3.000 graysen_hardin:3.000 ronnie_reese:3.000 skylar_morrow:3.000 trent_park:2.800 jared_humphrey:2.583 hayes_haynes:2.500 louie_park:2.250 benson_marks:2.000 
ricardo_hill: aam 0.000 0 0 online
emiliano_dixon: amz 3.786 14 40 online
dash_webster:84 emiliano_dixon:40 houston_moyer:38 louie_park:32 jared_humphrey:31 decker_ortega:23 graysen_hardin:21 alfonso_huffman:19 keagan_goodwin:19 hayes_haynes:18 dariel_matthews:17 skylar_morrow:15 trent_park:15 ronnie_reese:11 conner_corona:6 ethan_villa:6 jaden_barnes:6 omari_walton:5 benson_marks:3 hayes_eaton:3 duncan_kerr:0 kenny_moyer:0 kylan_singh:0 max_smith:0 ricardo_hill:0 
alfonso_huffman:3.875 decker_ortega:3.857 emiliano_dixon:3.786 conner_corona:3.500 keagan_goodwin:3.286 dash_webster:3.276 houston_moyer:3.067 dariel_matthews:3.000 graysen_hardin:3.000 skylar_morrow:3.000 trent_park:2.800 ronnie_reese:2.600 jared_humphrey:2.583 hayes_haynes:2.500 louie_park:2.250 benson_marks:2.000 ethan_villa:2.000 hayes_eaton:2.000 jaden_barnes:2.000 omari_walton:1.000 duncan_kerr:0.000 kenny_moyer:0.000 kylan_singh:0.000 max_smith:0.000 ricardo_hill:0.000 
dash_webster:29 houston_moyer:16 
keagan_goodwin: at 3.286 7 19 online
jaden_barnes: d 2.000 2 6 online
hayes_haynes: vzz 2.500 6 18 online
kylan_singh: aez 0.000 0 0 online
dash_webster:87 houston_moyer:44 emiliano_dixon:43 
alfonso_huffman:3.875 decker_ortega:3.857 conner_corona:3.500 emiliano_dixon:3.438 
dash_webster:87 emiliano_dixon:45 houston_moyer:44 louie_park:32 jared_humphrey:31 decker_ortega:23 alfonso_huffman:22 graysen_hardin:21 dariel_matthews:19 keagan_goodwin:19 hayes_haynes:18 ronnie_reese:17 skylar_morrow:17 trent_park:17 conner_corona:6 ethan_villa:6 jaden_barnes:6 omari_walton:5 benson_marks:3 
dash_webster:87 emiliano_dixon:45 houston_moyer:44 louie_park:32 jared_humphrey:31 decker_ortega:23 alfonso_huffman:22 graysen_hardin:21 dariel_matthews:19 
dash_webster:87 emiliano_dixon:45 houston_moyer:44 louie_park:32 jared_humphrey:31 decker_ortega:23 alfonso_huffman:22 graysen_hardin:21 dariel_matthews:19 keagan_goodwin:19 hayes_haynes:18 ronnie_reese:17 skylar_morrow:17 trent_park:17 omari_walton:7 conner_corona:6 ethan_villa:6 jaden_barnes:6 benson_marks:3 hayes_eaton:3 ricardo_hill:3 duncan_kerr:0 kenny_moyer:0 kylan_singh:0 max_smith:0 
dash_webster:30 emiliano_dixon:16 houston_moyer:16 jared_humphrey:12 louie_park:12 alfonso_huffman:8 dariel_matthews:7 decker_ortega:7 graysen_hardin:7 keagan_goodwin:7 
dash_webster:87 emiliano_dixon:45 houston_moyer:44 louie_park:32 jared_humphrey:31 
dash_webster:31 emiliano_dixon:19 houston_moyer:16 jared_humphrey:12 louie_park:12 alfonso_huffman:9 skylar_morrow:8 dariel_matthews:7 decker_ortega:7 graysen_hardin:7 keagan_goodwin:7 hayes_haynes:6 ronnie_reese:6 trent_park:6 omari_walton:3 conner_corona:2 ethan_villa:2 jaden_barnes:2 benson_marks:1 hayes_eaton:1 ricardo_hill:1 duncan_kerr:0 kenny_moyer:0 kylan_singh:0 max_smith:0 
decker_ortega:3.857 alfonso_huffman:3.600 conner_corona:3.500 emiliano_dixon:3.421 keagan_goodwin:3.286 dash_webster:3.226 dariel_matthews:3.000 graysen_hardin:3.000 houston_moyer:2.938 ronnie_reese:2.833 trent_park:2.833 hayes_haynes:2.500 skylar_morrow:2.500 
skylar_morrow: izz 2.500 8 20 online
dash_webster:31 emiliano_dixon:20 houston_moyer:17 jared_humphrey:13 louie_park:12 alfonso_huffman:10 skylar_morrow:8 dariel_matthews:7 decker_ortega:7 graysen_hardin:7 keagan_goodwin:7 hayes_haynes:6 ronnie_reese:6 trent_park:6 omari_walton:3 conner_corona:2 ethan_villa:2 jaden_barnes:2 ricardo_hill:2 benson_marks:1 hayes_eaton:1 duncan_kerr:0 kenny_moyer:0 kylan_singh:0 max_smith:0 
dash_webster:31 emiliano_dixon:21 houston_moyer:17 jared_humphrey:13 louie_park:12 alfonso_huffman:10 skylar_morrow:8 dariel_matthews:7 decker_ortega:7 graysen_hardin:7 keagan_goodwin:7 hayes_haynes:6 ronnie_reese:6 trent_park:6 omari_walton:3 conner_corona:2 ethan_villa:2 jaden_barnes:2 ricardo_hill:2 benson_marks:1 hayes_eaton:1 duncan_kerr:0 kenny_moyer:0 kylan_singh:0 max_smith:0 
benson_marks: aan 2.000 1 3 online
dash_webster: cz 3.219 32 92 online
dash_webster:92 emiliano_dixon:60 houston_moyer:46 alfonso_huffman:34 jared_humphrey:33 louie_park:32 decker_ortega:23 graysen_hardin:21 skylar_morrow:20 dariel_matthews:19 keagan_goodwin:19 hayes_haynes:18 ronnie_reese:17 trent_park:17 omari_walton:7 conner_corona:6 ethan_villa:6 jaden_barnes:6 ricardo_hill:6 benson_marks:3 hayes_eaton:3 duncan_kerr:0 kenny_moyer:0 kylan_singh:0 
dash_webster:92 emiliano_dixon:62 houston_moyer:46 alfonso_huffman:34 jared_humphrey:33 louie_park:32 decker_ortega:23 graysen_hardin:21 skylar_morrow:20 dariel_matthews:19 keagan_goodwin:19 hayes_haynes:18 ronnie_reese:17 trent_park:17 omari_walton:7 conner_corona:6 ethan_villa:6 jaden_barnes:6 ricardo_hill:6 benson_marks:3 hayes_eaton:3 duncan_kerr:0 kenny_moyer:0 kylan_singh:0 max_smith:0 
