walker_may:0 
ethan_villa:9 dash_webster:2 walker_may:2 
ethan_villa:3.500 dash_webster:3.000 walker_may:1.000 
Soferi indisponibili
ethan_villa:9 dash_webster:2 walker_may:2 
ethan_villa:5 dash_webster:1 walker_may:1 
ethan_villa:5 dash_webster:1 
ethan_villa:10 dash_webster:2 walker_may:2 
Soferi indisponibili
ethan_villa:10 dash_webster:2 
Soferi indisponibili
Soferi indisponibili
