
keagan_goodwin:4.500 jaden_barnes:3.500 
keagan_goodwin:4.500 jaden_barnes:3.500 
keagan_goodwin:4.500 
jaden_barnes:4 keagan_goodwin:2 walker_may:0 
jaden_barnes:11 keagan_goodwin:3 walker_may:0 
jaden_barnes:4 keagan_goodwin:2 walker_may:1 dash_webster:0 
jaden_barnes:11 walker_may:6 keagan_goodwin:3 dash_webster:2 louie_park:2 ethan_villa:0 
keagan_goodwin:4.500 jaden_barnes:3.500 
jaden_barnes:11 walker_may:6 keagan_goodwin:3 dash_webster:2 louie_park:2 ethan_villa:0 
