aaanzz aaaz amz kzz s aaaa aaaaai aaaaam aaaae aaaaf aaaai aaaakz aaaan aaaanz aaaapz aaarz aaaszz aaay aaez aahzz aaiz aajzz aamz aamzzz aanzzz aar aarz aaszz aaszzz aayzzz aazzzz adz adzz adzzzz afz ai aiz ajz ajzz akzzz aozzzz apzzzz aqz arz arzzzz av awzz ayzzz azzzz bz czz dzz ezzzz fzzz j kzzz mzz szz szzz uzzzz wzz x yzzzz z aaaaa aaaaap aaaab aaaabz aaaaez aaabz aaalz aaatzz aaawzz aahz aaozz aatzz aauzz aczzz agzzzz amzz anzzz c yz yzz 