aaxz aaaag aaab aafz aah aar f vz yz aaaa aaaaah aaaaai aaaak aaaxz aaay aaazz aabz aac aadzz aaj aapz aaqz aaqzz aasz aatz aauz aavz aaw aax aazzz abzz aczz ad aez af ag ahzz ai aizzz aj ajz al anz aozz aqzz asz atzz atzzz aw awzzz axzz bz bzz czzz czzzz ezzz fzzz hz j jzz k kzzz lzzz m n nzzz ozzz rzzz tzzzz v w wz zzzz aaaaaa aaaae aaaam aaaap aaaau aaaaz aaabz aaafz aaapz aaaqz aaarz aaavz aagz aamz aamzz aaq aawzz aaxzz aczzz afzzz agz ajzz akzzz alzz aqz as avzz awz ay fzzzz gzzz hzzzz nz pz pzzzz q rzzzz sz szzzz uzz wzzzz x 